exports[`works 1`] = `"\"define(\\\"module-id\\\", [\\\"exports\\\", \\\"module-name\\\"], function (exports, _moduleName) {\\n\\t\\t\\\"use strict\\\";\\n\\n\\t\\tObject.defineProperty(exports, \\\"__esModule\\\", {\\n\\t\\t\\t\\tvalue: true\\n\\t\\t});\\n\\n\\t\\tvar _moduleName2 = _interopRequireDefault(_moduleName);\\n\\n\\t\\tfunction _interopRequireDefault(obj) {\\n\\t\\t\\t\\treturn obj && obj.__esModule ? obj : {\\n\\t\\t\\t\\t\\t\\tdefault: obj\\n\\t\\t\\t\\t};\\n\\t\\t}\\n\\n\\t\\texports.default = 42;\\n});\""`;
